gcc : main.c: In function 'handle_admin_update_account':
所在位置 行:1 字符: 5
+ & { gcc -o HIS.exe main.c utils.c data_io.c patient_service.c medicin ...
+     ~~~~~~~~~~~~~~~~~~~~~~~~~~~~~~~~~~~~~~~~~~~~~~~~~~~~~~~~~~~~~~~~~
    + CategoryInfo          : NotSpecified: (main.c: In func...pdate_account': 
   :String) [], RemoteException
    + FullyQualifiedErrorId : NativeCommandError
 
main.c:504:9: warning: variable 'confirm' set but not used [-Wunused-but-set-va
riable]
  504 |     int confirm = 0;
      |         ^~~~~~~
main.c: In function 'handle_admin_update_doctor_duty':
main.c:827:9: warning: unused variable 'step' [-Wunused-variable]
  827 |     int step = 0;
      |         ^~~~
main.c:826:17: warning: unused variable 'doctor' [-Wunused-variable]
  826 |     DoctorNode* doctor = NULL;
      |                 ^~~~~~
main.c:825:10: warning: unused variable 'input_buffer' [-Wunused-variable]
  825 |     char input_buffer[100];
      |          ^~~~~~~~~~~~
main.c: In function 'handle_doctor_consultation':
main.c:1304:12: warning: variable 'deposit' set but not used [-Wunused-but-set-
variable]
 1304 |     double deposit;
      |            ^~~~~~~
main.c:1303:9: warning: variable 'condition_level' set but not used [-Wunused-b
ut-set-variable]
 1303 |     int condition_level;
      |         ^~~~~~~~~~~~~~~
main.c:1302:9: warning: variable 'estimated_days' set but not used [-Wunused-bu
t-set-variable]
 1302 |     int estimated_days;
      |         ^~~~~~~~~~~~~~
main.c: In function 'handle_internal_appointment_register':
main.c:2942:18: warning: unused variable 'patient' [-Wunused-variable]
 2942 |     PatientNode* patient = NULL;
      |                  ^~~~~~~
main.c: In function 'handle_patient_self_basic_record_query':
main.c:3373:5: warning: label 'input_id_card' defined but not used [-Wunused-la
bel]
 3373 |     input_id_card:
      |     ^~~~~~~~~~~~~
main.c: In function 'handle_patient_self_first_visit':
main.c:4115:9: warning: unused variable 'step' [-Wunused-variable]
 4115 |     int step = 0;
      |         ^~~~
main.c:4114:9: warning: unused variable 'is_night_mode' [-Wunused-variable]
 4114 |     int is_night_mode = 0;
      |         ^~~~~~~~~~~~~
main.c:4113:9: warning: unused variable 'is_recommended_dept' [-Wunused-variabl
e]
 4113 |     int is_recommended_dept = 0;
      |         ^~~~~~~~~~~~~~~~~~~
main.c:4112:10: warning: unused variable 'final_dept' [-Wunused-variable]
 4112 |     char final_dept[MAX_NAME_LEN] = "";
      |          ^~~~~~~~~~
main.c:4111:10: warning: unused variable 'auto_recommended_dept' [-Wunused-vari
able]
 4111 |     char auto_recommended_dept[MAX_NAME_LEN] = "";
      |          ^~~~~~~~~~~~~~~~~~~~~
main.c:4110:10: warning: unused variable 'error_msg' [-Wunused-variable]
 4110 |     char error_msg[256] = "";
      |          ^~~~~~~~~
main.c:4109:10: warning: unused variable 'input_buffer' [-Wunused-variable]
 4109 |     char input_buffer[128];
      |          ^~~~~~~~~~~~
main.c: In function 'handle_patient_self_registration':
main.c:4741:5: warning: label 'input_doctor' defined but not used [-Wunused-lab
el]
 4741 |     input_doctor:
      |     ^~~~~~~~~~~~
main.c: In function 'handle_patient_self_appointment_cancel':
main.c:4863:9: warning: variable 'loop' set but not used [-Wunused-but-set-vari
able]
 4863 |     int loop = 1;
      |         ^~~~
main.c: In function 'handle_patient_archive_update':
main.c:5481:5: warning: label 'input_balance' defined but not used [-Wunused-la
bel]
 5481 |     input_balance:
      |     ^~~~~~~~~~~~~
main.c: In function 'patient_self_service_menu':
main.c:6115:21: warning: unused variable 'check_count' [-Wunused-variable]
 6115 |                 int check_count = 0;
      |                     ^~~~~~~~~~~
main.c:6568:21: warning: label 'input_complaint_id_card' defined but not used [
-Wunused-label]
 6568 |                     input_complaint_id_card:
      |                     ^~~~~~~~~~~~~~~~~~~~~~~
main.c:6162:21: warning: label 'input_check_id_card' defined but not used [-Wun
used-label]
 6162 |                     input_check_id_card:
      |                     ^~~~~~~~~~~~~~~~~~~
main.c:5872:21: warning: label 'input_apt_id_card' defined but not used [-Wunus
ed-label]
 5872 |                     input_apt_id_card:
      |                     ^~~~~~~~~~~~~~~~~
main.c: In function 'main':
main.c:7004:9: warning: unused variable 'load_result' [-Wunused-variable]
 7004 |     int load_result = load_all_data();
      |         ^~~~~~~~~~~
main.c: In function 'admin_ward_resource_menu':
main.c:7665:17: warning: implicit declaration of function 'handle_admin_delete_
ward_bed'; did you mean 'handle_admin_update_ward_bed'? [-Wimplicit-function-de
claration]
 7665 |                 handle_admin_delete_ward_bed();
      |                 ^~~~~~~~~~~~~~~~~~~~~~~~~~~~
      |                 handle_admin_update_ward_bed
main.c: At top level:
main.c:7933:13: warning: conflicting types for 'handle_admin_delete_ward_bed'
 7933 | static void handle_admin_delete_ward_bed()
      |             ^~~~~~~~~~~~~~~~~~~~~~~~~~~~
main.c:7933:13: error: static declaration of 'handle_admin_delete_ward_bed' fol
lows non-static declaration
main.c:7665:17: note: previous implicit declaration of 'handle_admin_delete_war
d_bed' was here
 7665 |                 handle_admin_delete_ward_bed();
      |                 ^~~~~~~~~~~~~~~~~~~~~~~~~~~~
main.c: In function 'handle_admin_delete_ward_bed':
main.c:7977:49: error: 'WardNode' has no member named 'current_patient_id'
 7977 |         if (target->is_occupied && strlen(target->current_patient_id) >
 0)
      |                                                 ^~
main.c:7979:55: error: 'WardNode' has no member named 'current_patient_id'
 7979 |             printf("褰撳墠鎮ｈ€呯紪鍙凤細%s\n", target->current_patient_id);
      |                                                ^~
At top level:
main.c:8090:13: warning: 'inpatient_menu' defined but not used [-Wunused-functi
on]
 8090 | static void inpatient_menu()
      |             ^~~~~~~~~~~~~~
main.c:7933:13: warning: 'handle_admin_delete_ward_bed' defined but not used [-
Wunused-function]
 7933 | static void handle_admin_delete_ward_bed()
      |             ^~~~~~~~~~~~~~~~~~~~~~~~~~~~
main.c:6931:12: warning: 'utf8_char_count' defined but not used [-Wunused-funct
ion]
 6931 | static int utf8_char_count(const char* str)
      |            ^~~~~~~~~~~~~~~
main.c:3411:13: warning: 'handle_patient_self_visit_overview_query' defined but
 not used [-Wunused-function]
 3411 | static void handle_patient_self_visit_overview_query()
      |             ^~~~~~~~~~~~~~~~~~~~~~~~~~~~~~~~~~~~~~~~
main.c:3323:13: warning: 'handle_patient_self_basic_record_query' defined but n
ot used [-Wunused-function]
 3323 | static void handle_patient_self_basic_record_query()
      |             ^~~~~~~~~~~~~~~~~~~~~~~~~~~~~~~~~~~~~~
main.c:2072:13: warning: 'handle_doctor_view_consult_history' defined but not u
sed [-Wunused-function]
 2072 | static void handle_doctor_view_consult_history()
      |             ^~~~~~~~~~~~~~~~~~~~~~~~~~~~~~~~~~
main.c:2020:13: warning: 'handle_doctor_view_processed_patients' defined but no
t used [-Wunused-function]
 2020 | static void handle_doctor_view_processed_patients()
      |             ^~~~~~~~~~~~~~~~~~~~~~~~~~~~~~~~~~~~~
data_io.c: In function 'load_patient_list':
data_io.c:152:34: warning: variable 'script_count' set but not used [-Wunused-b
ut-set-variable]
  152 |         int age, m_type, status, script_count;
      |                                  ^~~~~~~~~~~~
data_io.c: In function 'load_recycle_list':
data_io.c:1305:9: warning: 'strncpy' output may be truncated copying 31 bytes f
rom a string of length 31 [-Wstringop-truncation]
 1305 |         strncpy(new_node->recycle_id, recycle_id, MAX_ID_LEN - 1);
      |         ^~~~~~~~~~~~~~~~~~~~~~~~~~~~~~~~~~~~~~~~~~~~~~~~~~~~~~~~~
data_io.c:1307:9: warning: 'strncpy' output may be truncated copying 31 bytes f
rom a string of length 31 [-Wstringop-truncation]
 1307 |         strncpy(new_node->source_id, source_id, MAX_ID_LEN - 1);
      |         ^~~~~~~~~~~~~~~~~~~~~~~~~~~~~~~~~~~~~~~~~~~~~~~~~~~~~~~
data_io.c:1308:9: warning: 'strncpy' output may be truncated copying 49 bytes f
rom a string of length 49 [-Wstringop-truncation]
 1308 |         strncpy(new_node->source_name, source_name, MAX_NAME_LEN - 1);
      |         ^~~~~~~~~~~~~~~~~~~~~~~~~~~~~~~~~~~~~~~~~~~~~~~~~~~~~~~~~~~~~
data_io.c:1309:9: warning: 'strncpy' output may be truncated copying 19 bytes f
rom a string of length 19 [-Wstringop-truncation]
 1309 |         strncpy(new_node->delete_time, delete_time, 19);
      |         ^~~~~~~~~~~~~~~~~~~~~~~~~~~~~~~~~~~~~~~~~~~~~~~
data_io.c:1310:9: warning: 'strncpy' output may be truncated copying 31 bytes f
rom a string of length 31 [-Wstringop-truncation]
 1310 |         strncpy(new_node->deleted_by, deleted_by, MAX_ID_LEN - 1);
      |         ^~~~~~~~~~~~~~~~~~~~~~~~~~~~~~~~~~~~~~~~~~~~~~~~~~~~~~~~~
data_io.c:1311:9: warning: 'strncpy' output may be truncated copying 199 bytes 
from a string of length 199 [-Wstringop-truncation]
 1311 |         strncpy(new_node->reason, reason, MAX_RECORD_LEN - 1);
      |         ^~~~~~~~~~~~~~~~~~~~~~~~~~~~~~~~~~~~~~~~~~~~~~~~~~~~~
data_io.c:1315:9: warning: 'strncpy' output may be truncated copying 31 bytes f
rom a string of length 31 [-Wstringop-truncation]
 1315 |         strncpy(new_node->medicine_backup.id, med_id, MAX_ID_LEN - 1);
      |         ^~~~~~~~~~~~~~~~~~~~~~~~~~~~~~~~~~~~~~~~~~~~~~~~~~~~~~~~~~~~~
data_io.c:1316:9: warning: 'strncpy' output may be truncated copying 49 bytes f
rom a string of length 49 [-Wstringop-truncation]
 1316 |         strncpy(new_node->medicine_backup.name, med_name, MAX_NAME_LEN 
- 1);
      |         ^~~~~~~~~~~~~~~~~~~~~~~~~~~~~~~~~~~~~~~~~~~~~~~~~~~~~~~~~~~~~~~
~~~~
data_io.c:1317:9: warning: 'strncpy' output may be truncated copying 49 bytes f
rom a string of length 49 [-Wstringop-truncation]
 1317 |         strncpy(new_node->medicine_backup.alias, med_alias, MAX_NAME_LE
N - 1);
      |         ^~~~~~~~~~~~~~~~~~~~~~~~~~~~~~~~~~~~~~~~~~~~~~~~~~~~~~~~~~~~~~~
~~~~~~
data_io.c:1318:9: warning: 'strncpy' output may be truncated copying 49 bytes f
rom a string of length 49 [-Wstringop-truncation]
 1318 |         strncpy(new_node->medicine_backup.generic_name, med_generic, MA
X_NAME_LEN - 1);
      |         ^~~~~~~~~~~~~~~~~~~~~~~~~~~~~~~~~~~~~~~~~~~~~~~~~~~~~~~~~~~~~~~
~~~~~~~~~~~~~~~
data_io.c:1322:9: warning: 'strncpy' output may be truncated copying 19 bytes f
rom a string of length 19 [-Wstringop-truncation]
 1322 |         strncpy(new_node->medicine_backup.expiry_date, med_expiry, MAX_
DATE_LEN - 1);
      |         ^~~~~~~~~~~~~~~~~~~~~~~~~~~~~~~~~~~~~~~~~~~~~~~~~~~~~~~~~~~~~~~
~~~~~~~~~~~~~
In function 'copy_text_field',
    inlined from 'register_patient' at patient_service.c:227:13:
patient_service.c:235:5: warning: 'strncpy' output may be truncated copying 49 
bytes from a string of length 49 [-Wstringop-truncation]
  235 |     strncpy(dest, src, max_len - 1);
      |     ^~~~~~~~~~~~~~~~~~~~~~~~~~~~~~~
doctor_service.c: In function 'doctor_consult_patient':
doctor_service.c:685:13: warning: 'strncpy' output may be truncated copying 31 
bytes from a string of length 31 [-Wstringop-truncation]
  685 |             strncpy(appointment_id, matched_appointment->appointment_id
, MAX_ID_LEN - 1);
      |             ^~~~~~~~~~~~~~~~~~~~~~~~~~~~~~~~~~~~~~~~~~~~~~~~~~~~~~~~~~~
~~~~~~~~~~~~~~~~~
appointment.c: In function 'register_appointment':
appointment.c:654:9: warning: 'strncpy' output may be truncated copying 31 byte
s from a string of length 31 [-Wstringop-truncation]
  654 |         strncpy(assigned_doctor_id, best_doctor->id, MAX_ID_LEN - 1);
      |         ^~~~~~~~~~~~~~~~~~~~~~~~~~~~~~~~~~~~~~~~~~~~~~~~~~~~~~~~~~~~
appointment.c:655:9: warning: 'strncpy' output may be truncated copying 49 byte
s from a string of length 49 [-Wstringop-truncation]
  655 |         strncpy(assigned_doctor_name, best_doctor->name, MAX_NAME_LEN -
 1);
      |         ^~~~~~~~~~~~~~~~~~~~~~~~~~~~~~~~~~~~~~~~~~~~~~~~~~~~~~~~~~~~~~~
~~~
appointment.c:656:9: warning: 'strncpy' output may be truncated copying 49 byte
s from a string of length 49 [-Wstringop-truncation]
  656 |         strncpy(assigned_dept, best_doctor->department, MAX_NAME_LEN - 
1);
      |         ^~~~~~~~~~~~~~~~~~~~~~~~~~~~~~~~~~~~~~~~~~~~~~~~~~~~~~~~~~~~~~~
~~
admin_service.c: In function 'show_expiring_medicine_warning':
admin_service.c:101:9: warning: unused variable 'total_width' [-Wunused-variabl
e]
  101 |     int total_width = 80;
      |         ^~~~~~~~~~~
admin_service.c: In function 'show_public_status_statistics':
admin_service.c:2697:17: warning: unused variable 'doctor_curr' [-Wunused-varia
ble]
 2697 |     DoctorNode* doctor_curr = NULL;
      |                 ^~~~~~~~~~~
admin_service.c:2696:18: warning: unused variable 'patient_curr' [-Wunused-vari
able]
 2696 |     PatientNode* patient_curr = NULL;
      |                  ^~~~~~~~~~~~
At top level:
admin_service.c:98:13: warning: 'show_expiring_medicine_warning' defined but no
t used [-Wunused-function]
   98 | static void show_expiring_medicine_warning(void)
      |             ^~~~~~~~~~~~~~~~~~~~~~~~~~~~~~
admin_service.c: In function 'handle_check_item_update':
admin_service.c:3678:37: warning: 'strncpy' output may be truncated copying 49 
bytes from a string of length 49 [-Wstringop-truncation]
 3678 |     if (!is_blank_string(new_name)) strncpy(target->item_name, new_name
, MAX_NAME_LEN - 1);
      |                                     ^~~~~~~~~~~~~~~~~~~~~~~~~~~~~~~~~~~
~~~~~~~~~~~~~~~~~~~
admin_service.c:3679:37: warning: 'strncpy' output may be truncated copying 49 
bytes from a string of length 49 [-Wstringop-truncation]
 3679 |     if (!is_blank_string(new_dept)) strncpy(target->dept, new_dept, MAX
_NAME_LEN - 1);
      |                                     ^~~~~~~~~~~~~~~~~~~~~~~~~~~~~~~~~~~
~~~~~~~~~~~~~~
